COMMAND: cd CRM/frontend && npm ci && npm test --if-present && npm run build
npm warn config production Use `--omit=dev` instead.
npm warn deprecated inflight@1.0.6: This module is not supported, and leaks memory. Do not use it. Check out lru-cache if you want a good and tested way to coalesce async requests by a key value, which is much more comprehensive and powerful.
npm warn deprecated @humanwhocodes/config-array@0.13.0: Use @eslint/config-array instead
npm warn deprecated rimraf@3.0.2: Rimraf versions prior to v4 are no longer supported
npm warn deprecated glob@7.2.3: Glob versions prior to v9 are no longer supported
npm warn deprecated @humanwhocodes/object-schema@2.0.3: Use @eslint/object-schema instead
npm warn deprecated eslint@8.57.1: This version is no longer supported. Please see https://eslint.org/version-support for other options.

added 416 packages, and audited 417 packages in 21s

147 packages are looking for funding
  run `npm fund` for details

7 vulnerabilities (4 moderate, 3 high)

To address issues that do not require attention, run:
  npm audit fix

To address all issues (including breaking changes), run:
  npm audit fix --force

Run `npm audit` for details.
npm warn config production Use `--omit=dev` instead.

> frontend@1.0.0 test
> set "NODE_ENV=test" && node -r ./scripts/windows-spawn-patch.cjs ./node_modules/vitest/vitest.mjs run --watch=false


 RUN  v1.6.1 D:/ALQASEER_DEV/dopamine-crm-suite_PLAYGROUND/CRM/frontend

 ✓ src/utils/mapLinks.test.js  (2 tests) 6ms
stderr | src/auth/RequireRole.test.jsx > RequireRole > renders children for allowed roles
⚠️ React Router Future Flag Warning: React Router will begin wrapping state updates in `React.startTransition` in v7. You can use the `v7_startTransition` future flag to opt-in early. For more information, see https://reactrouter.com/v6/upgrading/future#v7_starttransition.
⚠️ React Router Future Flag Warning: Relative route resolution within Splat routes is changing in v7. You can use the `v7_relativeSplatPath` future flag to opt-in early. For more information, see https://reactrouter.com/v6/upgrading/future#v7_relativesplatpath.

 ✓ src/auth/RequireRole.test.jsx  (2 tests) 74ms
stderr | src/auth/LoginScreen.test.jsx > LoginScreen > submits credentials and calls login
⚠️ React Router Future Flag Warning: React Router will begin wrapping state updates in `React.startTransition` in v7. You can use the `v7_startTransition` future flag to opt-in early. For more information, see https://reactrouter.com/v6/upgrading/future#v7_starttransition.
⚠️ React Router Future Flag Warning: Relative route resolution within Splat routes is changing in v7. You can use the `v7_relativeSplatPath` future flag to opt-in early. For more information, see https://reactrouter.com/v6/upgrading/future#v7_relativesplatpath.

 ✓ src/auth/LoginScreen.test.jsx  (1 test) 395ms
 ↓ src/pages/DashboardPage.smoke.test.jsx  (1 test | 1 skipped)
stderr | src/pages/DoctorsPage.test.jsx > DoctorsPage > renders doctors from the API list
⚠️ React Router Future Flag Warning: React Router will begin wrapping state updates in `React.startTransition` in v7. You can use the `v7_startTransition` future flag to opt-in early. For more information, see https://reactrouter.com/v6/upgrading/future#v7_starttransition.
⚠️ React Router Future Flag Warning: Relative route resolution within Splat routes is changing in v7. You can use the `v7_relativeSplatPath` future flag to opt-in early. For more information, see https://reactrouter.com/v6/upgrading/future#v7_relativesplatpath.

 ✓ src/pages/DoctorsPage.test.jsx  (1 test) 249ms
stderr | src/App.test.jsx > App > renders the login screen when no user is authenticated
⚠️ React Router Future Flag Warning: React Router will begin wrapping state updates in `React.startTransition` in v7. You can use the `v7_startTransition` future flag to opt-in early. For more information, see https://reactrouter.com/v6/upgrading/future#v7_starttransition.
⚠️ React Router Future Flag Warning: Relative route resolution within Splat routes is changing in v7. You can use the `v7_relativeSplatPath` future flag to opt-in early. For more information, see https://reactrouter.com/v6/upgrading/future#v7_relativesplatpath.

 ✓ src/App.test.jsx  (1 test) 158ms

 Test Files  5 passed | 1 skipped (6)
      Tests  7 passed | 1 skipped (8)
   Start at  21:01:55
   Duration  7.67s (transform 1.32s, setup 6.29s, collect 11.52s, tests 882ms, environment 15.17s, prepare 2.64s)

npm warn config production Use `--omit=dev` instead.

> frontend@1.0.0 build
> node -r ./scripts/windows-spawn-patch.cjs ./node_modules/vite/bin/vite.js build

vite v5.4.21 building for production...
transforming...
✓ 123 modules transformed.
rendering chunks...
computing gzip size...
dist/index.html                   0.42 kB │ gzip:  0.28 kB
dist/assets/index-tf9MDumY.css    9.83 kB │ gzip:  2.47 kB
dist/assets/index-CbxAOwi4.js   285.20 kB │ gzip: 84.26 kB
✓ built in 1.05s
EXIT_CODES: npm_ci=0 npm_test_if_present=0 npm_run_build=0
